[1m[31m[31mX [41;31m[[41;97mERROR[41;31m][0m [1mNG5002: Parser Error: Missing expected ) at column 24 in [menuOpen.update((open) => !open)] in C:\Users\gabri\Desktop\ShelfWiseLabs.LandingPage.Web\src\app\app.html@11:13[0m [1m[35m[plugin angular-compiler][0m

    src/app/app.html:12:13:
[37m      12 │     (click)="[32mmenuOpen.update((open) => !open)[37m"
         ╵              [32m~~~~~~~~~~~~~~~~~~~~~~~~~~~~~~~~[0m

  Error occurs in the template of component App.

    src/app/app.ts:5:15:
[37m      5 │   templateUrl: [32m'./app.html'[37m,
        ╵                [32m~~~~~~~~~~~~[0m


[31mX [41;31m[[41;97mERROR[41;31m][0m [1mNG5002: Parser Error: Unexpected token ')' at column 32 in [menuOpen.update((open) => !open)] in C:\Users\gabri\Desktop\ShelfWiseLabs.LandingPage.Web\src\app\app.html@11:13[0m [1m[35m[plugin angular-compiler][0m

    src/app/app.html:12:13:
[37m      12 │     (click)="[32mmenuOpen.update((open) => !open)[37m"
         ╵              [32m~~~~~~~~~~~~~~~~~~~~~~~~~~~~~~~~[0m

  Error occurs in the template of component App.

    src/app/app.ts:5:15:
[37m      5 │   templateUrl: [32m'./app.html'[37m,
        ╵                [32m~~~~~~~~~~~~[0m


[31mX [41;31m[[41;97mERROR[41;31m][0m [1mTS2339: Property 'open' does not exist on type 'App'.[0m [1m[35m[plugin angular-compiler][0m

    src/app/app.html:12:30:
[37m      12 │     (click)="menuOpen.update(([32mopen[37m) => !open)"
         ╵                               [32m~~~~[0m

  Error occurs in the template of component App.

    src/app/app.ts:5:15:
[37m      5 │   templateUrl: [32m'./app.html'[37m,
        ╵                [32m~~~~~~~~~~~~[0m

[39m[22m
[1m[31m[31mX [41;31m[[41;97mERROR[41;31m][0m [1mNG5002: Parser Error: Missing expected ) at column 24 in [menuOpen.update((open) => !open)] in C:\Users\gabri\Desktop\ShelfWiseLabs.LandingPage.Web\src\app\app.html@11:13[0m [1m[35m[plugin angular-compiler][0m

    src/app/app.html:12:13:
[37m      12 │     (click)="[32mmenuOpen.update((open) => !open)[37m"
         ╵              [32m~~~~~~~~~~~~~~~~~~~~~~~~~~~~~~~~[0m

  Error occurs in the template of component App.

    src/app/app.ts:5:15:
[37m      5 │   templateUrl: [32m'./app.html'[37m,
        ╵                [32m~~~~~~~~~~~~[0m


[31mX [41;31m[[41;97mERROR[41;31m][0m [1mNG5002: Parser Error: Unexpected token ')' at column 32 in [menuOpen.update((open) => !open)] in C:\Users\gabri\Desktop\ShelfWiseLabs.LandingPage.Web\src\app\app.html@11:13[0m [1m[35m[plugin angular-compiler][0m

    src/app/app.html:12:13:
[37m      12 │     (click)="[32mmenuOpen.update((open) => !open)[37m"
         ╵              [32m~~~~~~~~~~~~~~~~~~~~~~~~~~~~~~~~[0m

  Error occurs in the template of component App.

    src/app/app.ts:5:15:
[37m      5 │   templateUrl: [32m'./app.html'[37m,
        ╵                [32m~~~~~~~~~~~~[0m


[31mX [41;31m[[41;97mERROR[41;31m][0m [1mTS2339: Property 'open' does not exist on type 'App'.[0m [1m[35m[plugin angular-compiler][0m

    src/app/app.html:12:30:
[37m      12 │     (click)="menuOpen.update(([32mopen[37m) => !open)"
         ╵                               [32m~~~~[0m

  Error occurs in the template of component App.

    src/app/app.ts:5:15:
[37m      5 │   templateUrl: [32m'./app.html'[37m,
        ╵                [32m~~~~~~~~~~~~[0m

[39m[22m
